Microchip MPLAB XC8 Compiler V2.46

Linker command line:

-W-3 \
  --edf=C:\Program Files\Microchip\xc8\v2.46\pic\dat\20240104201356_en.msgs \
  -cn -h+dist/default/production\full_system.X.production.sym \
  --cmf=dist/default/production\full_system.X.production.cmf -z -Q16F887 \
  -oC:\Users\User\AppData\Local\Temp\xcAsetc.\driver_tmp_3.o \
  --defsym=__MPLAB_BUILD=1 --fixupoverflow=error \
  -Mdist/default/production/full_system.X.production.map \
  --md=C:\Users\User\AppData\Local\Temp\xcAsetc.\driver_tmp_0.dat -E1 \
  -ver=XC8 Compiler --acfsm=1493 -ACODE=00h-07FFhx4 -ASTRCODE=00h-01FFFh \
  -ASTRING=00h-0FFhx32 -ACONST=00h-0FFhx32 -AENTRY=00h-0FFhx32 \
  -ACOMMON=070h-07Fh -ABANK0=020h-06Fh -ABANK1=0A0h-0EFh \
  -ABANK2=0110h-016Fh -ABANK3=0190h-01EFh \
  -ARAM=020h-06Fh,0A0h-0EFh,0110h-016Fh,0190h-01EFh \
  -AABS1=020h-07Fh,0A0h-0EFh,0110h-016Fh,0190h-01EFh -ASFR0=00h-01Fh \
  -ASFR1=080h-09Fh -ASFR2=0100h-010Fh -ASFR3=0180h-018Fh \
  -ACONFIG=02007h-02008h -DCONFIG=2 -AIDLOC=02000h-02003h -DIDLOC=2 \
  -AEEDATA=00h-0FFh/02100h -peeprom_data=EEDATA -DEEDATA=2 -DCODE=2 \
  -DSTRCODE=2 -DSTRING=2 -DCONST=2 -DENTRY=2 \
  -preset_vec=00h,intentry=04h,sivt,init,end_init -ppowerup=CODE \
  -pcinit=CODE -pfunctab=ENTRY -k \
  C:\Users\User\AppData\Local\Temp\xcAsetc.\driver_tmp_17.o \
  dist/default/production\full_system.X.production.o 

Object code version is 3.11

Machine type is 16F887



                Name                               Link     Load   Length Selector   Space Scale
C:\Users\User\AppData\Local\Temp\xcAsetc.\driver_tmp_17.o
                end_init                              C        C        3        8       0
                reset_vec                             0        0        3        0       0
                config                             2007     2007        2        0       4
dist/default/production\full_system.X.production.o
                cinit                                 F        F       24        8       0
                intentry                              4        4        8        8       0
                config                             2007     2007        2        0       4
                text37                              ABA      ABA       16     1574       0
                text36                              A3E      A3E       10     147C       0
                text35                              C6B      C6B       36     18D6       0
                text34                              A4E      A4E       10     149C       0
                text33                              CA1      CA1       36     1942       0
                text32                              B69      B69       26     16D2       0
                text31                              B8F      B8F       28     171E       0
                text30                              C0B      C0B       2F     1816       0
                text29                              C3A      C3A       31     1874       0
                text28                              BE0      BE0       2B     17C0       0
                text27                              D44      D44       39     1A88       0
                text26                              D0D      D0D       37     1A1A       0
                text25                              F25      F25       69     1E4A       0
                text24                              B44      B44       25     1688       0
                text23                              D7D      D7D       3A     1AFA       0
                text22                              CD7      CD7       36     19AE       0
                text21                              BB7      BB7       29     176E       0
                text20                               33       33      345        8       0
                text19                              727      727       78      D36       0
                text18                              54A      54A       BA        8       0
                text17                              79F      79F       5E      D36       0
                text16                              E0D      E0D       59     1C1A       0
                text15                              A6E      A6E       13     14DC       0
                text14                              7FD      7FD        1      D36       0
                text13                              DB7      DB7       56     1B6E       0
                text12                              378      378       F1        8       0
                text11                              B23      B23       21     1646       0
                text10                              B04      B04       1F     1608       0
                text9                               F8E      F8E       72     1F1C       0
                text8                               A81      A81       13     1502       0
                text7                               A94      A94       13     1528       0
                text6                               EC3      EC3       62     1D86       0
                text5                               469      469       E1        8       0
                text4                               E66      E66       5D     1CCC       0
                text3                               AD0      AD0       1A     15A0       0
                text2                               A32      A32        C     1464       0
                text1                               AEA      AEA       1A     15D4       0
                maintext                            69B      69B       8C      D36       0
                cstackBANK0                          20       20       3F       20       1
                cstackCOMMON                         70       70        A       70       1
                clrtext                             A2A      A2A        8     1454       0
                inittext                            AA7      AA7       13     154E       0
                dataBANK1                            CA       CA       10       A0       1
                bssBANK1                             A0       A0       2A       A0       1
                bssBANK0                             5F       5F       11       20       1
                bssCOMMON                            7A       7A        2       70       1
                strings                             604      604       97      C08       0
                idataBANK1                          A5E      A5E       10     14BC       0

TOTAL           Name                               Link     Load   Length     Space
        CLASS   CODE           
                end_init                              C        C        3         0
                cinit                                 F        F       24         0
                intentry                              4        4        8         0
                reset_vec                             0        0        3         0
                text37                              ABA      ABA       16         0
                text36                              A3E      A3E       10         0
                text35                              C6B      C6B       36         0
                text34                              A4E      A4E       10         0
                text33                              CA1      CA1       36         0
                text32                              B69      B69       26         0
                text31                              B8F      B8F       28         0
                text30                              C0B      C0B       2F         0
                text29                              C3A      C3A       31         0
                text28                              BE0      BE0       2B         0
                text27                              D44      D44       39         0
                text26                              D0D      D0D       37         0
                text25                              F25      F25       69         0
                text24                              B44      B44       25         0
                text23                              D7D      D7D       3A         0
                text22                              CD7      CD7       36         0
                text21                              BB7      BB7       29         0
                text20                               33       33      345         0
                text19                              727      727       78         0
                text18                              54A      54A       BA         0
                text17                              79F      79F       5E         0
                text16                              E0D      E0D       59         0
                text15                              A6E      A6E       13         0
                text14                              7FD      7FD        1         0
                text13                              DB7      DB7       56         0
                text12                              378      378       F1         0
                text11                              B23      B23       21         0
                text10                              B04      B04       1F         0
                text9                               F8E      F8E       72         0
                text8                               A81      A81       13         0
                text7                               A94      A94       13         0
                text6                               EC3      EC3       62         0
                text5                               469      469       E1         0
                text4                               E66      E66       5D         0
                text3                               AD0      AD0       1A         0
                text2                               A32      A32        C         0
                text1                               AEA      AEA       1A         0
                maintext                            69B      69B       8C         0
                clrtext                             A2A      A2A        8         0
                inittext                            AA7      AA7       13         0
                idataBANK1                          A5E      A5E       10         0

        CLASS   STRCODE        

        CLASS   STRING         
                strings                             604      604       97         0

        CLASS   CONST          

        CLASS   ENTRY          

        CLASS   COMMON         
                cstackCOMMON                         70       70        A         1
                bssCOMMON                            7A       7A        2         1

        CLASS   BANK0          
                cstackBANK0                          20       20       3F         1
                bssBANK0                             5F       5F       11         1

        CLASS   BANK1          
                dataBANK1                            CA       CA       10         1
                bssBANK1                             A0       A0       2A         1

        CLASS   BANK2          

        CLASS   BANK3          

        CLASS   RAM            

        CLASS   ABS1           
                abs_s1                               7E       7E        2         1

        CLASS   SFR0           

        CLASS   SFR1           

        CLASS   SFR2           

        CLASS   SFR3           

        CLASS   CONFIG         
                config                             2007     2007        2         4

        CLASS   IDLOC          

        CLASS   EEDATA         

        CLASS   HEAP           

        CLASS   STACK          



SEGMENTS        Name                           Load    Length   Top    Selector   Space  Class     Delta

                reset_vec                      000000  000003  000003         0       0  CODE        2
                intentry                       000004  000600  000604         8       0  CODE        2
                cstackBANK0                    000020  000050  000070        20       1  BANK0       1
                cstackCOMMON                   000070  00000C  00007C        70       1  COMMON      1
                bssBANK1                       0000A0  00003A  0000DA        A0       1  BANK1       1
                strings                        000604  000097  00069B       C08       0  STRING      2
                maintext                       00069B  000163  0007FE       D36       0  CODE        2
                clrtext                        000A2A  000008  000A32      1454       0  CODE        2
                text2                          000A32  00000C  000A3E      1464       0  CODE        2
                text36                         000A3E  000010  000A4E      147C       0  CODE        2
                text34                         000A4E  000010  000A5E      149C       0  CODE        2
                idataBANK1                     000A5E  000010  000A6E      14BC       0  CODE        2
                text15                         000A6E  000013  000A81      14DC       0  CODE        2
                text8                          000A81  000013  000A94      1502       0  CODE        2
                text7                          000A94  000013  000AA7      1528       0  CODE        2
                inittext                       000AA7  000013  000ABA      154E       0  CODE        2
                text37                         000ABA  000016  000AD0      1574       0  CODE        2
                text3                          000AD0  00001A  000AEA      15A0       0  CODE        2
                text1                          000AEA  00001A  000B04      15D4       0  CODE        2
                text10                         000B04  00001F  000B23      1608       0  CODE        2
                text11                         000B23  000021  000B44      1646       0  CODE        2
                text24                         000B44  000025  000B69      1688       0  CODE        2
                text32                         000B69  000026  000B8F      16D2       0  CODE        2
                text31                         000B8F  000028  000BB7      171E       0  CODE        2
                text21                         000BB7  000029  000BE0      176E       0  CODE        2
                text28                         000BE0  00002B  000C0B      17C0       0  CODE        2
                text30                         000C0B  00002F  000C3A      1816       0  CODE        2
                text29                         000C3A  000031  000C6B      1874       0  CODE        2
                text35                         000C6B  000036  000CA1      18D6       0  CODE        2
                text33                         000CA1  000036  000CD7      1942       0  CODE        2
                text22                         000CD7  000036  000D0D      19AE       0  CODE        2
                text26                         000D0D  000037  000D44      1A1A       0  CODE        2
                text27                         000D44  000039  000D7D      1A88       0  CODE        2
                text23                         000D7D  00003A  000DB7      1AFA       0  CODE        2
                text13                         000DB7  000056  000E0D      1B6E       0  CODE        2
                text16                         000E0D  000059  000E66      1C1A       0  CODE        2
                text4                          000E66  00005D  000EC3      1CCC       0  CODE        2
                text6                          000EC3  000062  000F25      1D86       0  CODE        2
                text25                         000F25  000069  000F8E      1E4A       0  CODE        2
                text9                          000F8E  000072  001000      1F1C       0  CODE        2


UNUSED ADDRESS RANGES

        Name                Unused          Largest block    Delta
        BANK1            00DA-00EF             16           1
        BANK2            0110-016F             60           1
        BANK3            0190-01EF             60           1
        CODE             0003-0003              1           2
                         07FE-0A29              2
                         1000-1FFF            800
        COMMON           007C-007D              2           1
        CONST            0003-0003              1           2
                         07FE-0A29            100
                         1000-1FFF            100
        EEDATA           2100-21FF            100           2
        ENTRY            0003-0003              1           2
                         07FE-0A29            100
                         1000-1FFF            100
        IDLOC            2000-2003              4           2
        RAM              00DA-00EF             16           1
                         0110-016F             60
                         0190-01EF             60
        SFR0             0000-001F             20           1
        SFR1             0080-009F             20           1
        SFR2             0100-010F             10           1
        SFR3             0180-018F             10           1
        STRCODE          0003-0003              1           2
                         07FE-0A29            22C
                         1000-1FFF           1000
        STRING           0003-0003              1           2
                         07FE-0A29            100
                         1000-1FFF            100

                                  Symbol Table

?__Umul8_16                          cstackCOMMON 0072
?___awdiv                            cstackBANK0  0020
?___awmod                            cstackCOMMON 0072
?___flmul                            cstackBANK0  0026
?___fltol                            cstackCOMMON 0072
?___wmul                             cstackCOMMON 0072
?___xxtofl                           cstackCOMMON 0072
?_abs                                cstackCOMMON 0078
?_adc_read                           cstackCOMMON 0072
?_read_fotoresistor                  cstackBANK0  0028
?_read_hall                          cstackCOMMON 0072
?_read_movimiento                    cstackCOMMON 0072
?_read_temperatura                   cstackBANK0  0040
?_sprintf                            cstackBANK0  0038
?_strncmp                            cstackCOMMON 0072
?_vfprintf                           cstackBANK0  0034
LCD_Char@dat                         cstackCOMMON 0074
LCD_Command@cmd                      cstackCOMMON 0074
LCD_String@msg                       cstackCOMMON 0075
LCD_String_xy@location               cstackBANK0  0021
LCD_String_xy@msg                    cstackCOMMON 0078
LCD_String_xy@pos                    cstackCOMMON 0077
LCD_String_xy@row                    cstackBANK0  0020
_ADCON0bits                          (abs)        001F
_ADCON1bits                          (abs)        009F
_ADRESH                              (abs)        001E
_ADRESL                              (abs)        009E
_ANSELH                              (abs)        0189
_ANSELbits                           (abs)        0188
_INTCONbits                          (abs)        000B
_ISR                                 text37       0ABA
_LCD_Char                            text33       0CA1
_LCD_Clear                           text34       0A4E
_LCD_Command                         text35       0C6B
_LCD_Init                            text27       0D44
_LCD_String                          text32       0B69
_LCD_String_xy                       text31       0B8F
_OPTION_REGbits                      (abs)        0081
_OSCCON                              (abs)        008F
_PORTAbits                           (abs)        0005
_PORTB                               (abs)        0006
_PORTC                               (abs)        0007
_PORTCbits                           (abs)        0007
_PORTD                               (abs)        0008
_PORTDbits                           (abs)        0008
_TMR0                                (abs)        0001
_TRISA0                              (abs)        0428
_TRISA1                              (abs)        0429
_TRISA2                              (abs)        042A
_TRISA3                              (abs)        042B
_TRISB                               (abs)        0086
_TRISC                               (abs)        0087
_TRISC0                              (abs)        0438
_TRISC1                              (abs)        0439
_TRISC4                              (abs)        043C
_TRISC5                              (abs)        043D
_TRISC6                              (abs)        043E
_TRISC7                              (abs)        043F
_TRISD                               (abs)        0088
__H__absolute__                      __absolute__ 0000
__Habs1                              abs1         0000
__Hbank0                             bank0        0000
__Hbank1                             bank1        0000
__Hbank2                             bank2        0000
__Hbank3                             bank3        0000
__HbssBANK0                          bssBANK0     0000
__HbssBANK1                          bssBANK1     0000
__HbssCOMMON                         bssCOMMON    0000
__Hcinit                             cinit        0033
__Hclrtext                           clrtext      0000
__Hcode                              code         0000
__Hcommon                            common       0000
__Hconfig                            config       2009
__HcstackBANK0                       cstackBANK0  0000
__HcstackCOMMON                      cstackCOMMON 0000
__HdataBANK1                         dataBANK1    0000
__Heeprom_data                       eeprom_data  0000
__Hend_init                          end_init     000F
__Hfunctab                           functab      0000
__Hheap                              heap         0000
__HidataBANK1                        idataBANK1   0000
__Hinit                              init         000C
__Hinittext                          inittext     0000
__Hintentry                          intentry     000C
__Hmaintext                          maintext     0000
__Hpowerup                           powerup      0000
__Hram                               ram          0000
__Hreset_vec                         reset_vec    0003
__Hsfr0                              sfr0         0000
__Hsfr1                              sfr1         0000
__Hsfr2                              sfr2         0000
__Hsfr3                              sfr3         0000
__Hsivt                              sivt         000C
__Hspace_0                           (abs)        1000
__Hspace_1                           (abs)        00DA
__Hspace_2                           (abs)        0000
__Hspace_3                           (abs)        0000
__Hspace_4                           (abs)        4010
__Hstack                             stack        0000
__Hstrings                           strings      0000
__Htext                              text         0000
__L__absolute__                      __absolute__ 0000
__Labs1                              abs1         0000
__Lbank0                             bank0        0000
__Lbank1                             bank1        0000
__Lbank2                             bank2        0000
__Lbank3                             bank3        0000
__LbssBANK0                          bssBANK0     0000
__LbssBANK1                          bssBANK1     0000
__LbssCOMMON                         bssCOMMON    0000
__Lcinit                             cinit        000F
__Lclrtext                           clrtext      0000
__Lcode                              code         0000
__Lcommon                            common       0000
__Lconfig                            config       0000
__LcstackBANK0                       cstackBANK0  0000
__LcstackCOMMON                      cstackCOMMON 0000
__LdataBANK1                         dataBANK1    0000
__Leeprom_data                       eeprom_data  0000
__Lend_init                          end_init     000C
__Lfunctab                           functab      0000
__Lheap                              heap         0000
__LidataBANK1                        idataBANK1   0000
__Linit                              init         000C
__Linittext                          inittext     0000
__Lintentry                          intentry     0004
__Lmaintext                          maintext     0000
__Lpowerup                           powerup      0000
__Lram                               ram          0000
__Lreset_vec                         reset_vec    0000
__Lsfr0                              sfr0         0000
__Lsfr1                              sfr1         0000
__Lsfr2                              sfr2         0000
__Lsfr3                              sfr3         0000
__Lsivt                              sivt         000C
__Lspace_0                           (abs)        0000
__Lspace_1                           (abs)        0000
__Lspace_2                           (abs)        0000
__Lspace_3                           (abs)        0000
__Lspace_4                           (abs)        0000
__Lstack                             stack        0000
__Lstrings                           strings      0000
__Ltext                              text         0000
__S0                                 (abs)        1000
__S1                                 (abs)        00DA
__S3                                 (abs)        0000
__Umul8_16                           text21       0BB7
__Umul8_16@multiplicand              cstackCOMMON 0072
__Umul8_16@multiplier                cstackBANK0  0024
__Umul8_16@product                   cstackBANK0  0020
__Umul8_16@word_mpld                 cstackBANK0  0022
___awdiv                             text25       0F25
___awdiv@counter                     cstackBANK0  0024
___awdiv@dividend                    cstackBANK0  0022
___awdiv@divisor                     cstackBANK0  0020
___awdiv@quotient                    cstackBANK0  0026
___awdiv@sign                        cstackBANK0  0025
___awmod                             text16       0E0D
___awmod@counter                     cstackCOMMON 0076
___awmod@dividend                    cstackCOMMON 0074
___awmod@divisor                     cstackCOMMON 0072
___awmod@sign                        cstackCOMMON 0077
___flmul                             text20       0033
___flmul@a                           cstackBANK0  002A
___flmul@aexp                        cstackBANK0  0034
___flmul@b                           cstackBANK0  0026
___flmul@bexp                        cstackBANK0  0039
___flmul@grs                         cstackBANK0  0035
___flmul@prod                        cstackBANK0  003A
___flmul@sign                        cstackBANK0  0033
___flmul@temp                        cstackBANK0  003E
___fltol                             text19       0727
___fltol@exp1                        cstackBANK0  0021
___fltol@f1                          cstackCOMMON 0072
___fltol@sign1                       cstackBANK0  0020
___heap_hi                           (abs)        0000
___heap_lo                           (abs)        0000
___int_sp                            stack        0000
___int_stack_hi                      stack        0000
___int_stack_lo                      stack        0000
___latbits                           (abs)        0002
___sp                                stack        0000
___stack_hi                          stack        0000
___stack_lo                          stack        0000
___stackhi                           (abs)        0000
___stacklo                           (abs)        0000
___wmul                              text24       0B44
___wmul@multiplicand                 cstackCOMMON 0074
___wmul@multiplier                   cstackCOMMON 0072
___wmul@product                      cstackCOMMON 0076
___xxtofl                            text18       054A
___xxtofl@arg                        cstackBANK0  0022
___xxtofl@exp                        cstackBANK0  0021
___xxtofl@sign                       cstackBANK0  0020
___xxtofl@val                        cstackCOMMON 0072
__end_of_ISR                         text37       0AD0
__end_of_LCD_Char                    text33       0CD7
__end_of_LCD_Clear                   text34       0A5E
__end_of_LCD_Command                 text35       0CA1
__end_of_LCD_Init                    text27       0D7D
__end_of_LCD_String                  text32       0B8F
__end_of_LCD_String_xy               text31       0BB7
__end_of__Umul8_16                   text21       0BE0
__end_of___awdiv                     text25       0F8E
__end_of___awmod                     text16       0E66
__end_of___flmul                     text20       0378
__end_of___fltol                     text19       079F
__end_of___wmul                      text24       0B69
__end_of___xxtofl                    text18       0604
__end_of__initialization             cinit        002F
__end_of__stringtab                  strings      0614
__end_of_abs                         text15       0A81
__end_of_adc_init                    text36       0A4E
__end_of_adc_read                    text23       0DB7
__end_of_fputc                       text13       0E0D
__end_of_funcion_alarma              text30       0C3A
__end_of_funcion_alerta              text29       0C6B
__end_of_funcion_bloqueado           text28       0C0B
__end_of_funcion_inicio              text26       0D44
__end_of_funcion_monitoreo_ambiental text9        1000
__end_of_funcion_monitoreo_puertas   text6        0F25
__end_of_funcion_seguridad           text3        0AEA
__end_of_keypad_Init                 text2        0A3E
__end_of_keypad_getkey               text5        054A
__end_of_main                        maintext     0727
__end_of_password                    strings      0619
__end_of_putch                       text14       07FE
__end_of_read_fotoresistor           text22       0D0D
__end_of_read_hall                   text8        0A94
__end_of_read_movimiento             text7        0AA7
__end_of_read_temperatura            text17       07FD
__end_of_sensores_init               text1        0B04
__end_of_sprintf                     text10       0B23
__end_of_strncmp                     text4        0EC3
__end_of_vfpfcnvrt                   text12       0469
__end_of_vfprintf                    text11       0B44
__initialization                     cinit        000F
__pbssBANK0                          bssBANK0     005F
__pbssBANK1                          bssBANK1     00A0
__pbssCOMMON                         bssCOMMON    007A
__pcstackBANK0                       cstackBANK0  0020
__pcstackCOMMON                      cstackCOMMON 0070
__pdataBANK1                         dataBANK1    00CA
__pidataBANK1                        idataBANK1   0A5E
__pintentry                          intentry     0004
__pmaintext                          maintext     069B
__pstrings                           strings      0604
__ptext1                             text1        0AEA
__ptext10                            text10       0B04
__ptext11                            text11       0B23
__ptext12                            text12       0378
__ptext13                            text13       0DB7
__ptext14                            text14       07FD
__ptext15                            text15       0A6E
__ptext16                            text16       0E0D
__ptext17                            text17       079F
__ptext18                            text18       054A
__ptext19                            text19       0727
__ptext2                             text2        0A32
__ptext20                            text20       0033
__ptext21                            text21       0BB7
__ptext22                            text22       0CD7
__ptext23                            text23       0D7D
__ptext24                            text24       0B44
__ptext25                            text25       0F25
__ptext26                            text26       0D0D
__ptext27                            text27       0D44
__ptext28                            text28       0BE0
__ptext29                            text29       0C3A
__ptext3                             text3        0AD0
__ptext30                            text30       0C0B
__ptext31                            text31       0B8F
__ptext32                            text32       0B69
__ptext33                            text33       0CA1
__ptext34                            text34       0A4E
__ptext35                            text35       0C6B
__ptext36                            text36       0A3E
__ptext37                            text37       0ABA
__ptext4                             text4        0E66
__ptext5                             text5        0469
__ptext6                             text6        0EC3
__ptext7                             text7        0A94
__ptext8                             text8        0A81
__ptext9                             text9        0F8E
__stringbase                         strings      0613
__stringtab                          strings      0604
_abs                                 text15       0A6E
_adc_init                            text36       0A3E
_adc_read                            text23       0D7D
_dbuf                                bssBANK1     00A0
_estado_actual                       bssBANK0     006F
_flags                               bssBANK0     006D
_fputc                               text13       0DB7
_funcion_alarma                      text30       0C0B
_funcion_alerta                      text29       0C3A
_funcion_bloqueado                   text28       0BE0
_funcion_inicio                      text26       0D0D
_funcion_monitoreo_ambiental         text9        0F8E
_funcion_monitoreo_puertas           text6        0EC3
_funcion_seguridad                   text3        0AD0
_ingresos                            bssBANK0     006E
_intensidad_luz                      bssBANK0     0065
_intentos                            bssBANK0     006B
_keypad_Init                         text2        0A32
_keypad_getkey                       text5        0469
_main                                maintext     069B
_ms_counter                          bssCOMMON    007A
_pass_user                           bssBANK1     00C2
_password                            strings      0614
_prec                                bssBANK0     005F
_putch                               text14       07FD
_read_fotoresistor                   text22       0CD7
_read_hall                           text8        0A81
_read_movimiento                     text7        0A94
_read_temperatura                    text17       079F
_sensor_hall                         bssBANK0     0063
_sensores_init                       text1        0AEA
_sprintf                             text10       0B04
_strncmp                             text4        0E66
_temp_celsius                        bssBANK0     0067
_timeout_ms                          bssBANK0     0069
_valor_evento                        bssBANK0     0061
_vfpfcnvrt                           text12       0378
_vfprintf                            text11       0B23
_width                               bssBANK1     00C0
abs@a                                cstackCOMMON 0078
adc_read@channel                     cstackCOMMON 0072
adc_read@value_adc                   cstackCOMMON 0078
btemp                                (abs)        007E
clear_ram0                           clrtext      0A2A
end_of_initialization                cinit        002F
fputc@c                              cstackCOMMON 0072
fputc@fp                             cstackCOMMON 0074
funcion_monitoreo_ambiental@buffer   cstackBANK0  004C
funcion_monitoreo_puertas@buffer     cstackBANK0  004B
init_fetch0                          inittext     0AA7
init_ram0                            inittext     0AAB
interrupt_function                   intentry     0004
intlevel0                            functab      0000
intlevel1                            functab      0000
intlevel2                            functab      0000
intlevel3                            functab      0000
intlevel4                            functab      0000
intlevel5                            functab      0000
keypad_getkey@F1398                  dataBANK1    00CA
keypad_getkey@i                      cstackBANK0  0031
keypad_getkey@letras                 cstackBANK0  0020
keypad_getkey@valor                  cstackBANK0  0030
read_fotoresistor@luz                cstackBANK0  002A
read_fotoresistor@luzPorcentaje      cstackBANK0  002C
read_temperatura@celsius             cstackBANK0  0044
read_temperatura@temperatura         cstackBANK0  0048
read_temperatura@valor_adc           cstackBANK0  004A
reset_vec                            reset_vec    0000
saved_w                              (abs)        007E
sprintf@ap                           cstackBANK0  003E
sprintf@f                            cstackBANK0  0040
sprintf@fmt                          cstackBANK0  0038
sprintf@s                            cstackBANK0  003F
start                                init         000C
start_initialization                 cinit        000F
strncmp@l                            cstackCOMMON 0077
strncmp@n                            cstackCOMMON 0073
strncmp@r                            cstackCOMMON 0072
vfpfcnvrt@ap                         cstackBANK0  0029
vfpfcnvrt@c                          cstackBANK0  0033
vfpfcnvrt@convarg                    cstackBANK0  002F
vfpfcnvrt@cp                         cstackBANK0  002E
vfpfcnvrt@done                       cstackBANK0  002C
vfpfcnvrt@fmt                        cstackBANK0  0028
vfpfcnvrt@fp                         cstackBANK0  002D
vfprintf@ap                          cstackBANK0  0035
vfprintf@cfmt                        cstackBANK0  0037
vfprintf@fmt                         cstackBANK0  0034
vfprintf@fp                          cstackBANK0  0036
wtemp0                               (abs)        007E


MODULE INFORMATION

Module		Function		Class		Link	Load	Size
C:\Program Files\Microchip\xc8\v2.46\pic\sources\c99\common\fltol.c
		___fltol       		CODE           	0727	0000	120

C:\Program Files\Microchip\xc8\v2.46\pic\sources\c99\common\fltol.c estimated size: 120

C:\Program Files\Microchip\xc8\v2.46\pic\sources\c99\common\Umul8_16.c
		__Umul8_16     		CODE           	0BB7	0000	41

C:\Program Files\Microchip\xc8\v2.46\pic\sources\c99\common\Umul8_16.c estimated size: 41

KEYPAD.c
		_keypad_Init   		CODE           	0A32	0000	12
		_keypad_getkey 		CODE           	0469	0000	225

KEYPAD.c estimated size: 237

C:\Program Files\Microchip\xc8\v2.46\pic\sources\c99\common\nf_fputc.c
		_fputc         		CODE           	0DB7	0000	86

C:\Program Files\Microchip\xc8\v2.46\pic\sources\c99\common\nf_fputc.c estimated size: 86

C:\Program Files\Microchip\xc8\v2.46\pic\sources\c99\common\awdiv.c
		___awdiv       		CODE           	0F25	0000	105

C:\Program Files\Microchip\xc8\v2.46\pic\sources\c99\common\awdiv.c estimated size: 105

C:\Program Files\Microchip\xc8\v2.46\pic\sources\c99\common\xxtofl.c
		___xxtofl      		CODE           	054A	0000	186

C:\Program Files\Microchip\xc8\v2.46\pic\sources\c99\common\xxtofl.c estimated size: 186

C:\Program Files\Microchip\xc8\v2.46\pic\sources\c99\common\strncmp.c
		_strncmp       		CODE           	0E66	0000	93

C:\Program Files\Microchip\xc8\v2.46\pic\sources\c99\common\strncmp.c estimated size: 93

C:\Program Files\Microchip\xc8\v2.46\pic\sources\c99\common\sprcmul.c
		___flmul       		CODE           	0033	0000	837

C:\Program Files\Microchip\xc8\v2.46\pic\sources\c99\common\sprcmul.c estimated size: 837

monitoreo_sensores.c
		_read_movimiento		CODE           	0A94	0000	19
		_sensores_init 		CODE           	0AEA	0000	26
		_read_hall     		CODE           	0A81	0000	19

monitoreo_sensores.c estimated size: 64

C:\Program Files\Microchip\xc8\v2.46\pic\sources\c99\common\doprnt.c
		_vfpfcnvrt     		CODE           	0378	0000	241
		_vfprintf      		CODE           	0B23	0000	33

C:\Program Files\Microchip\xc8\v2.46\pic\sources\c99\common\doprnt.c estimated size: 274

C:\Program Files\Microchip\xc8\v2.46\pic\sources\c99\common\nf_sprintf.c
		_sprintf       		CODE           	0B04	0000	31

C:\Program Files\Microchip\xc8\v2.46\pic\sources\c99\common\nf_sprintf.c estimated size: 31

shared
		__stringtab    		STRING         	0604	0000	16
		_password      		STRING         	0614	0000	5
		__initialization		CODE           	000F	0000	32

shared estimated size: 53

C:\Program Files\Microchip\xc8\v2.46\pic\sources\c99\common\putch.c
		_putch         		CODE           	07FD	0000	1

C:\Program Files\Microchip\xc8\v2.46\pic\sources\c99\common\putch.c estimated size: 1

C:\Program Files\Microchip\xc8\v2.46\pic\sources\c99\common\Umul16.c
		___wmul        		CODE           	0B44	0000	37

C:\Program Files\Microchip\xc8\v2.46\pic\sources\c99\common\Umul16.c estimated size: 37

ADC.c
		_read_temperatura		CODE           	079F	0000	94
		_read_fotoresistor		CODE           	0CD7	0000	54
		_adc_read      		CODE           	0D7D	0000	58
		_adc_init      		CODE           	0A3E	0000	16

ADC.c estimated size: 222

C:\Program Files\Microchip\xc8\v2.46\pic\sources\c99\common\abs.c
		_abs           		CODE           	0A6E	0000	19

C:\Program Files\Microchip\xc8\v2.46\pic\sources\c99\common\abs.c estimated size: 19

C:\Program Files\Microchip\xc8\v2.46\pic\sources\c99\common\awmod.c
		___awmod       		CODE           	0E0D	0000	89

C:\Program Files\Microchip\xc8\v2.46\pic\sources\c99\common\awmod.c estimated size: 89

main.c
		_funcion_alarma		CODE           	0C0B	0000	47
		_funcion_bloqueado		CODE           	0BE0	0000	43
		_funcion_alerta		CODE           	0C3A	0000	49
		_funcion_inicio		CODE           	0D0D	0000	55
		_ISR           		CODE           	0ABA	0000	22
		_funcion_monitoreo_ambiental		CODE           	0F8E	0000	114
		_main          		CODE           	069B	0000	140
		_funcion_monitoreo_puertas		CODE           	0EC3	0000	98
		_funcion_seguridad		CODE           	0AD0	0000	26

main.c estimated size: 594

LCD.c
		_LCD_String    		CODE           	0B69	0000	38
		_LCD_Init      		CODE           	0D44	0000	57
		_LCD_Command   		CODE           	0C6B	0000	54
		_LCD_String_xy 		CODE           	0B8F	0000	40
		_LCD_Char      		CODE           	0CA1	0000	54
		_LCD_Clear     		CODE           	0A4E	0000	16

LCD.c estimated size: 259

